[  00000 Itilizingcgousubs cse
[   0.0000 Initiizng cgrupubys cpu[   0.0000 Iitialiincgoup bs cpuact    0.00] Lix rson .4.037-genicbuilddgw-amd-0) gcveio 5.4 260609 buu 5.4.0-6ubunt1~6.010) #163UbtuSMP MoSe24 13:4: UC 20 (untu.4-17.16geric 4.4)
[  000000]omnd lin BOOT_MAGE/bt/mlin-4.0137-nec ro=LELcloumgootfroonole=y1onsoe=yS
[   00000] ERL pporte cs:
[   0000]   nt GnuineIel
[   00000]  A AhentcA
    .000]   Centr ntauHas[    00000 x86fp xtate_ofs[2:  576 xat_sizs[]:256  0.00000]86fpu:Suorng XSA fturex0 '87 fatg pot giters
[  0.000]86/f: pporinXSE featrex0: 'SE giters'   0.000000] 86pu Suprtg XSAV fatre0x04: 'AX egstrs'
[    0.000000] x86/fpu: Enabled xstate features 0x7, context size is 832 bytes, using 'standard' format.
[    0.000000] e820: BIOS-provided physical RAM map:
[    0.000000] BIOS-e820: [mem 0x0000000000000000-0x000000000009fbff] usable
[    0.000000] BIOS-e820: [mem 0x000000000009fc00-0x000000000009ffff] reserved
[    0.000000] BIOS-e820: [mem 0x00000000000f0000-0x00000000000fffff] reserved
[    0.000000] BIOS-e820: [mem 0x0000000000100000-0x000000003ffeffff] usable
[    0.000000] BIOS-e820: [mem 0x000000003fff0000-0x000000003fffffff] ACPI data[   0.00000]BIS-820: [em0x000000ec000-x0000000ec0ff] resered[    00000] IOS-e8: em 0x00000ee0000-0000000eeff] reservd[   .000] OS82: emx0000000fc00-0x0000ffffff]eserd    0.00] NX (ece Disae)rotectonacive
[   00000] SIO2.5 est.
[   00000] Hypeis detecd:VM
[   0.0000] 82 lst_pfn 0fff0axrch_n 0x000000
[    0000] RRDisaed[    00000 x86PA: TRs isabled,skppngPAT initalzaio too.[   .000000]CP MRR all blak  vrtalized sstm.
[    0.000000] x8/PATCoigurio [0-]: WB WTUC UC WBWTUC- UC     0000 foundSMMPtabl a[m 0x000ff-00009ff] pped a[ff88000ff]
[  0.0000Scnig 1 eafor lo mor corptn
[  00000] MDK: [me 063a000-0x317ff
[  000000]CP Ear tlechecumerifatn isable
  0.0000] CPI: RP 00000000000 00 (v0VB  
[  00000 AI:XSDT 0000003FF0300003Cv0VBOX VXXDT 000001 SL  0061)
[  0000] PI FP 000000FF0F0 004 04 VX VBXFAC000001SL000006
  0.0000ACI: DSD 0000000FF700021 (2 VB  BOBIS 00002 NT208010)
[    00000] CP FCS 000003FFF000040[  0.0000]CPI:FA 00000003FF000000040
[    0.000000] ACPI: APIC 0x000000003FFF0240 00005C (v02 VBOX   VBOXAPIC 00000001 ASL  00000061)
[    0.000000] ACPI: SSDT 0x000000003FFF02A0 0001CC (v01 VBOX   VBOXCPUT 00000002 INTL 20180105)
[    0.000000] No NUMA configuration found
[    0.000000] Faking a node at [mem 0x0000000000000000-0x000000003ffeffff]
[    0.000000] NODE_DATA(0) allocated [mem 0x3ffeb000-0x3ffeffff]
[    0.000000] kvm-clock: Using msrs 4b564d01 and 4b564d00
[    0.000000] kvm-clock: cpu 0, msr 0:3ffe3001, primary cpu clock
[    0.000000] kvm-clock: using sched offset of 3147010281 cycles
[    0.000000] clocksource: kvm-clock: mask: 0xffffffffffffffff max_cycles: 0x1cd42e4dffb, max_idle_ns: 881590591483 ns
[    0.000000] Zone ranges:
[    0.000000]   DMA      [em0x000000000000-000000000fff]
  .0000] DA32  [m 0x000010000-0000003ffff]
[   00000]  ormal   mpty
  0.00000] Dvice ety
  0.0000Mobl zone stt or eh de
  0.0000] Eay moryodrages
[    0.000000]   node   0: [mem 0x0000000000001000-0x000000000009efff]
[    0.000000]   node   0:[m 000000000000-0x00003fff]
[   00000] nitm stup de [mem x0000000000000x00000ffffff][  0.0000]CP: PMim IO Po: 4008
[   .00000 IPI[0]: aicd , veio32 addre 0ec000,SI 0-2
[  0.0000 API: IN_S_OR (b 0usirq 0 ob_irq d dfl)
[    0.000000] ACPI: INT_SRC_OVR (bus 0 bus_irq 9 global_irq 9 low leve)   0.000 UsingCP(MADT)foSM configuratin nformaon
[  0.000] smpoo Alowing Cs, 0 hpl CPU
[  .00000 P Regted osavmery: me0x000000x000ff]   0.000 PM: Regstrenosavemery [me0x09000-00ffff
  .0000]M:Registedosave emy:[mem 000000-00ffff
[  .00000 P Regstedosave emy:[mem 0x000f0000x00ff]
[   00000] e0:mem 0x000000-0feffff] aiable for PCIdevice
  0.0000] ooti pavirtuiz krneln M
[    0000]clocoue: rin-jffies:as 0xffff ax_cle 0xffffff,max_les: 755602115 n
[  0.00000] set_pcpu: NCP:512 ncpask_it51 nr_u_s:2 _ne_ds:1
  .00000] ERPU Embedde 3 pge/cpu @ff88003fc00000 s99608 r8192 d31464 u1048576
[    0.000000] PV qpilock hash table entries: 256 (order: 0, 4096 bytes)
[    0.000000] Built 1 zonelists in Node order, mobility grouping on.  Total pages: 257912
[    0.000000] Policy zone: DMA32
[    0.000000] Kernel command line: BOOT_IMAGE=/boot/vmlinuz-4.4.0-137-generic root=LABEL=cloudimg-rootfs ro console=tty1 console=ttyS0
[    0.000000] PID hash table entries: 4096 (order: 3, 32768 bytes)
[    0.000000] Memory: 997708K/1048120K available (8555K kernel code, 1314K rwdata, 4004K rodata, 1528K init, 1316K bss, 50412K reserved, 0K cma-reserved)
[    0.000000] SLUB: HWalign=64, Order=0-3, MinObjects=0, CPUs=2, Nodes=1
[    0.000000] Kernel/User page tables isolation: enabled
[    0.000000] Hierarchical RCU implementation.
[    0.000000] 	Build-time adjustment of leaf fanout to 64.
[    0.000000] 	RCU restricting CPUs from NR_CPUS=512 to nr_cpu_ids=2.
[    0.0000000] RU:Adusing gemeryor rcu_fnot_ea=64, n_cu_ds2
[    0.000000] NR_IRQS:33024 nr_irqs:440 16
[    0.000000] Console: colour VGA+ 80x25
[    0.000000] console [tty1] enabled
[    0.000000] console [ttyS0] enabled
[    0.000000] tsc: Detected 1799.999 MHz processor
[   16.644610] Calibrating delay loop (skipped) preset value.. 3599.99 BogoMIPS (lpj=7199996)
[   16.647357] pid_max: default: 32768 minimum: 301
[   16.648173] ACPI: Core revision 20150930
[  16.649640] ACPI: 2 ACPI AML tables successfully acquired and loaded
[   16.661256] Security Framework initialized
[   16.661947] Yama: becoming mindful.
[   16.662589] AppArmor: AppArmor initialized
[  1.663381] Dentry cache hash table entries: 131072 (order: 8, 1048576 bytes)
[   16.686116] Inode-cache hash table entries: 65536 (order: 7, 524288 bytes)
[   16.799622] Mount-cache hash table entries: 2048 (order: 2, 16384 bytes)
[   16.929252] Mountpoint-cache hash table entries: 2048 (order: 2, 16384 bytes)
[   17.091877] Initializing cgroup subsys io
[   17.119968] Initializing cgroup subsys memory
[   17.120702] Initializing cgroup subsys devices
[   17.121436] Initializing cgroup subsys freezer
[   17.122168] Initializing cgroup subsys net_cls
[   17.122915] Initializing cgroup subsys perf_event
[   17.123686] Initializing cgroup subsys net_prio
[   17.201129] Initializing cgroup subsys hugetlb
[   17.279013] Initializing cgroup subsys pids
[   17.281441] mce: CPU supports 0 MCE banks
[   17.347033] Last level iTLB entries: 4KB 64, 2MB 8, 4MB 8
[   17.479102] Last level dTLB entries: 4KB 64, 2MB 0, 4MB 0, 1GB 4
[   17.628140] Spectre V2 : Mitigation: Full generic retpoline
[   17.764911] Spectre V2 : Spectre v2 mitigation: Speculation control IBPB not-supported IBRS not-supported
[   17.884090] Spectre V2 : Spectre v2 / SpectreRSB mitigation: Filling RSB on context switch
[   18.055779] Speculative Store Bypass: Vulnerable
[   18.149578] Freeing SMP alternatives memory: 32K
[   18.249933] ftrace: allocating 32265 entries in 127 pages
[   18.385092] smpboot: APIC(0) Converting physical 0 to logical package 0
[   18.483021] smpboot: Max logical packages: 1
[   18.484001] x2apic enabled
[   18.484719] Switched APIC routing to physical x2apic.
[   18.486474] ..TIMER: vector=0x30 apic1=0 pin1=2 apic2=-1 pin2=-1
[   18.594758] smpboot: CPU0: Intel(R) Core(TM) i5-8250U CPU @ 1.60GHz (family: 0x6, model: 0x8e, stepping: 0xa)
[   18.749267] Performance Events: unsupported p6 CPU model 142 no PMU driver, software events only.
[   18.964890] KVM setup paravirtual spinlock
[   19.057981] x86: Booting SMP configuration:
[   19.147098] .... node  #0, CPUs:      #1
[   19.210950] kvm-clock: cpu 1, msr 0:3ffe3041, secondary cpu clock
[   19.262492] mce: CPU supports 0 MCE banks
[   19.376955] x86: Booted up 1 node, 2 CPUs
[   19.422527] smpboot: Total of 2 processors activated (7199.99 BogoMIPS)
[   19.424206] devtmpfs: initialized
[   19.426428] evm: security.selinux
[   19.498704] evm: security.SMACK64
[   19.533341] evm: security.SMACK64EXEC
[   19.576845] evm: security.SMACK64TRANSMUTE
[   19.676990] evm: security.SMACK64MMAP
[   19.730226] evm: security.ima
[   19.799522] evm: security.capability
[   19.883639] clocksource: jiffies: mask: 0xffffffff max_cycles: 0xffffffff, max_idle_ns: 7645041785100000 ns
[   19.992035] futex hash table entries: 512 (order: 3, 32768 bytes)
[   20.043655] pinctrl core: initialized pinctrl subsystem
[   20.086781] RTC time: 18:09:46, date: 12/05/18
[   20.123644] NET: Registered protocol family 16
[   20.171428] cpuidle: using governor ladder
[   20.215275] cpuidle: using governor menu
[   20.249811] PCCT header not found.
[   20.252127] ACPI: bus type PCI registered
[   20.252977] acpiphp: ACPI Hot Plug PCI Controller Driver version: 0.5
[   20.254269] PCI: Using configuration type 1 for base access
[   20.268587] ACPI: Added _OSI(Module Device)
[   20.318263] ACPI: Added _OSI(Processor Device)
[   20.393805] ACPI: Added _OSI(3.0 _SCP Extensions)
[   20.494790] ACPI: Added _OSI(Processor Aggregator Device)
[   20.638651] ACPI: Executed 1 blocks of module-levee executable AML code
[   20.760667] ACPI: Interpreter enabled
[   20.841484] ACPI: (supports S0 S5)
[   20.907579] ACPI: Using IOAPIC for interrupt routing
[   20.998817] PCI: Using host bridge windows from ACPI; if necessary, use "pci=nocrs" and  eport a bug
[   21.262634] ACPI: PCI Root Bridge [PCI0] (domain 0000 [bus 00-ff])
[   21.366706] acpi PNP0A03:00: _OSC: OS supports [ASPM ClockPM Segments MSI]
[   21.396101] acpi PNP0A03:00: _OSC: not requesting OS control; OS requires [ExtendedConfig ASPM ClockPM MSI]
[   21.611994] acpi PNP0A03:00: fail to add MMCONFIG information, can't access extended PCI configuration space under this bridge.
[   21.814634] PCI host bridge to bus 0000:00
[   21.912691] pci_bus 0000:00: root bus resource [io  0x0000-0x0cf7 window]
[   22.021705] pci_bus 0000:00: root bus resource [io  0x0d00-0xffff window]
[   22.201533] pci_bus 0000:00: root bus resource [mem 0x000a0000-0x000bffff window]
[   22.319770] pci_bus 0000:00: root bus resource [mem 0x40000000-0xfdffffff window]
[   22.378419] pci_bus 0000:00: root bus resource [bus 00-ff]
[   22.473550] pci 0000:00:01.1: legacy IDE quirk: reg 0x10: [io  0x01f0-0x01f7]
[   22.600144] pci 0000:00:01.1: legacy IDE quirk: reg 0x14: [io  0x03f6]
[   22.751592] pci 0000:00:01.1: legacy IDE quirk: reg 0x18: [io  0x0170-0x0177]
[   22.830217] pci 0000:00:01.1: legacy IDE quirk: reg 0x1c: [io  0x0376]
[   22.854758] pci 0000:00:07.0: quirk: [io  0x4000-0x403f] claimed by PIIX4 ACPI
[   22.861248] pci 0000:00:07.0: quirk: [io  0x4100-0x410f] claimed by PIIX4 SMB
[   22.869305] ACPI: PCI Interrupt Link [LNKA] (IRQs 5 9 10 *11)
[   22.991791] ACPI: PCI Interrupt Link [LNKB] (IRQs 5 9 *10 11)
[   23.097864] ACPI: PCI Interrupt Link [LNKC] (IRQs 5 *9 10 11)
[   23.208730] ACPI: PCI Interrupt Link [LNKD] (IRQs 5 9 10 *11)
[   23.271767] ACPI: Enabled 2 GPEs in block 00 to 07
[   23.319252] vgaarb: setting as boot device: PCI:0000:00:02.0
[   23.320180] vgaarb: device added: PCI:0000:00:02.0,decodes=io+mem,owns=io+mem,locks=none
[   23.321578] vgaarb: loaded
[   23.322143] vgaarb: bridge control possible 0000:00:02.0
[   23.323240] SCSI subsystem initialized
[   23.324069] ACPI: bus type USB registered
[   23.324810] usbcore: registered new interface driver usbfs
[   23.325710] usbcore: registered new interface driver hub
[   23.326584] usbcore: registered new device driver usb
[   23.328268] PCI: Using ACPI for IRQ routing
[   23.330195] NetLabel: Initializing
[   23.331483] NetLabel:  domain hash size = 128
[   23.347877] NetLabel:  protocols = UNLABELED CIPSOv4
[   23.448030] NetLabel:  unlabeled traffic allowed by default
[   23.505938] amd_nb: Cannot enumerate AMD northbridges
[   23.601175] clocksource: Switched to clocksource kvm-clock
[   23.723053] AppArmor: AppArmor Filesystem Enabled
  3.23] p:nPCPin
  4.92] p:nPCP fnd dics
[   24.850246] clocksource: acpi_pm: mask: 0xffffff max_cycles: 0xffffff, max_idle_ns: 2085701024 ns
[   25.052089] NET: Registered protocol family 2
[   25.421280] TCP established hash table entries: 8122((order: 4, 65536 bytes)
[   26.131229] TCP bind hash table entries: 8192 (order: 5, 131072 bytes)
[   26.681344] TCP: Hash tables configured (established 8192 bind 8192)
[   27.271242] UDP hash table entries: 512 (order: 2, 16384 bytes)
[   27.371601] UDP-Lite hash table entries: 512 (order: 2, 16384 bytes)
[   27.581507] NET: Registered protocol family 1
[   27.841194] pci 0000:00:00.0: Limiting direct PCI/PCI transfers
[   28.331179] pci 0000:00:01.0: Activating ISA DMA hang workarounds
[   28.341809] Unpacking initramfs...
[   28.542684] Freeing initrd memory: 14796K
[   28.571252] platform rtc_cmos: registered platform RTC device (no PNP device found)
[   28.822204] Scanning for low memory corruption every 60 seconds
[   28.823985] audit: initializing netlink subsys (disabled)
[   29.311175] audit: type=2000 audit(1544033376.738:1): initialized
[   29.362317] Initialise system trusted keyring
[   29.363669] HugeTLB registered 2 MB page size, pre-allocated 0 pages
[   29.366665] zbud: loaded
[   29.367826] VFS: Disk quotas dquot_6.6.0
[   29.371320] VFS: Dquot-cache hash table entries: 512 (order 0, 4096 bytes)
[   29.373041] squashfs: version 4.0 (2009/01/31) Phillip Lougher
[   29.374714] fuse init (API version 7.23)
[   29.375848] Key type big_key registered
[   29.376816] Allocating IMA MOK and blacklist keyrings.
[   29.378981] Key type asymmetric registered
[   29.421693] Asymmetric key parser 'x509' registered
[   29.428525] Block layer SCSI generic (bsg) driver version 0.4 loaded (major 249)
[   29.430395] io scheduler noop registered
[   29.431349] io scheduler deadline registered (default)
[   29.432550] io scheduler cfq registered
[   29.433590] pci_hotplug: PCI Hot Plug PCI Core version: 0.5
[   99.561708] pciehp: PCI Express Hot Plug Controller Driver version: 0.4
[   29.991236] tsc: Refined TSC clocksource calibration: 1802.232 MHz
[   30.303850] clocksource: tsc: mask: 0xffffffffffffffff max_cycles: 0x19fa662126e, max_idle_ns: 440795251974 ns
[   30.304081] ACPI: AC Adapter [AC] (on-line)
ÿ[   30.304128] input: Power Button as /devices/LNXSYSTM:00/LNXPWRBN:00/input/input0
[   30.304131] ACPI: Power Button [PWRF]
[   30.304192] input: Sleep Button as /devices/LNXSYSTM:00/LNXSLPBN:00/input/input1
[   30.304193] ACPI: Sleep Button [SLPF]
[   30.304858] ACPI: Battery Slot [BAT0] (battery present)
[   30.304883] GHES: HEST is not enabled!
[   30.413246] Serial: 8250/16550 driver, 32 ports, IRQ sharing enabled
[   30.502670] 00:02: ttyS0 at I/O 0x3f8 (irq = 4, base_baud = 115200) is a 16550A
[   30.642369] Linux agpgart interface v0.103
[   30.763514] loop: module loaded
[   30.763980] scsi host0: ata_piix
[   30.764034] ccsi host1: ata_piix
[   30.764064] ata1: PATA max UDMA/33 cmd 0x1f0 ctl 0x3f6 bmdma 0xd000 irq 14
[   30.764065] ata2: PATA max UDMA/33 cmd 0x170 ctl 0x376 bmdma 0xd008 irq 15
[   30.764139] libphy: Fixed MDIO Bus:pprobed
[   30.764141] tun: Universal TUN/TAP device driver, 1.6
[   30.764141] tun: (C) 1999-2004 Max Krasnyansky <maxk@qualcomm.com>
[   30.764411] PPP generic driver version 2.4.2
[   30.764461] ehci_hcd: USB 2.0 'Enhanced' Host Controller (EHCI) Driver
[   30.764465] ehci-pci: EHCI PCI platform driver
[   30.764483] ehci-platform: EHCI generic platform driver
[   30.764490] ohci_hcd: USB 1.1 'Open' Host Controller (OHCI) Driver
[   30.764493] ohci-pci: OHCI PCI platform driver
[   30.764502] ohci-platform: OHCI generic platform driver
[   30.764508] uhci_hcd: USB Universal Host Controller Interface driver
[   30.764560] i8042: PNP: PS/2 Controller [PNP0303:PS2K,PNP0f03:PS2M] at 0x60,0x64 irq 1,12
[   30.765004] serio: i8042 KBD port at 0x60,0x64 irq 1
[   30.765007] serio: i8042 AUX port at 0x60,0x64 irq 12
[   30.765094] mousedev: PS/2 mouse device common for all mice
[   30.765346] input: AT Translated Set 2 keyboard as /devices/platform/i8042/serio0/input/input2
[   30.765636] rtc_cmos rtc_cmos: rtc core: registered rtc_cmos as rtc0
[   30.765687] rtc_cmos rtc_cmos: alarms up to one day, 114 bytes nvram
[   30.765693] i2c /dev entries driver
[   30.765740] device-mapper: uevent: version 1.0.3
[   30.765788] device-mapper: ioctl: 4.34.0-ioctl (2015-10-28) initialised: dm-devel@redhat.com
[   30.765806] ledtrig-cpu: registered to indicate activity on CPUs
[   30.766270] NET: Registered protocol family 10
[   30.766402] NET: Registered protocol family 17
[   30.766412] Key type dns_resolver registered
[   30.766613] registered taskstats version 1
[   30.766624] Loading compiled-in X.509 certificates
[   30.767172] Loaded X.509 cert 'Build time autogenerated kernel key: 20acc96b50ca7641011eace69d32209215a9b56f'
[   30.767188] zswap: loaded using pool lzo/zbud
[   30.768476] Key type trusted registered
[   30.770667] Key type encrypted registered
[   30.770672] AppArmor: AppArmor sha1 policy hashing enabled
[   30.770675] ima: No TPM chip found, activating TPM-bypass!
[   30.770680] ima: Allocated hash algorithm: sha1
[   30.770691] evm: HMAC attrs: 0x1
[   30.770936]   Magic number: 14:936:189
[   30.814258] rtc_cmos rtc_cmos: setting system clock to 2018-12-05 18:09:56 UTC (1544033396)
[   30.814379] BIOS EDD facility v0.16 2004-Jun-25, 0 devices found
[   30.814379] EDD information not available.
[   31.827513] Freeing unused kernel memory: 1528K
[   31.917553] Write protecting the kernel read-only data: 14336k
[   32.871716] Freeing unused kernel memory: 1672K
[   32.981181] Freeing unused kernel memory: 92K
Loading, please wait...
starting version[   33.006630] random: systemd-udevd: uninitialized urandom read (16 bytes read, 7 bits of entropy available)
 229
[   33.007408] random: udevadm: uninitialized urandom read (16 bytes read, 7 bits of entropy available)
[   33.007437] random: udevadm: uninitialized urandom read (16 bytes read, 7 bits of entropy available)
[   33.015369] random: udevadm: uninitialized urandom read (16 bytes read, 7 bits of entropy available)
[   33.015430] random: udevadm: uninitialized urandom read (16 bytes read, 7 bits of entropy available)
[   33.015612] random: udevadm: uninitialized urandom read (16 bytes read, 7 bits of entropy available)
[   33.015681] random: udevadm: uninitialized urandom read (16 bytes read, 7 bits of entropy available)
[   33.015739] random: udevadm: uninitialized urandom read (16 bytes read, 7 bits of entropy available)
[   33.015797] random: udevadm: uninitialized urandom read (16 bytes read, 7 bits of entropy available)
[   33.015852] random: udevadm: uninitialized urandom read (16 bytes read, 7 bits of entropy available)
[   33.641499] e1000: Intel(R) PRO/1000 Network Driver - version 7.3.21-k8-NAPI
[   33.851270] e1000: Copyright (c) 1999-2006 Intel Corporation.
[   34.034474] Fusion MPT base driver 3.04.20
[   34.351395] Copyright (c) 1999-2008 LSI Corporation
[   34.818647] AVX2 version of gcm_enc/dec engaged.
[   34.961202] AES CTR mode by8 optimization enabled
[   35.094498] input: ImExPS/2 Generic Explorer Mouse as /devices/platform/i8042/serio1/input/input4
[   35.256652] Fusion MPT SPI Host driver 3.04.20
[   36.103449] e1000 0000:00:03.0 eth0: (PCI:33MHz:32-bit) 02:20:67:8c:d5:af
[   36.269865] e1000 0000:00:03.0 eth0: Intel(R) PRO/1000 Network Connection
[   36.426209] mptbase: ioc0: Initiating bringup
[   36.861315] ioc0: LSI53C1030 A0: Capabilities={Initiator}
[   38.076542] scsi host2: ioc0: LSI53C1030 A0, FwRev=00000000h, Ports=1, MaxQ=256, IRQ=20
[   39.021087] scsi 2:0:0:0: Direct-Access     VBOX     HARDDISK         1.0  PQ: 0 ANSI: 5
[   39.261510] scsi target2:0:0: Beginning Domain Validation
[   39.391425] scsi target2:0:0: Domain Validation skipping write tests
[   39.439237] scsi target2:0:0: Ending Domain Validation
[   39.538229] scsi target2:0:0: asynchronous
[   39.602898] scsi 2:0:1:0: Direct-Access     VBOX     HARDDISK         1.0  PQ: 0 ANSI: 5
[   39.706692] scsi target2:0:1: Beginning Domain Validation
[   39.708987] e1000 0000:00:08.0 eth1: (PCI:33MHz:32-bit) 08:00:27:d5:f4:8d
[   39.708991] e1000 0000:00:08.0 eth1: Intel(R) PRO/1000 Network Connection
[   40.572003] e1000 0000:00:03.0 enp0s3: renamed from eth0
[   40.860150] scsi target2:0:1: Domain Validation skipping write tests
[   41.011464] scsi target2:0:1: Ending Domain Validation
[   41.012348] scsi target2:0:1: asynchronous
[   41.281608] e1000 0000:00:08.0 enp0s8: renamed from eth1
[   41.734235] sd 2:0:0:0: Attached scsi generic sg0 type 0
[   41.793873] sd 2:0:1:0: Attached scsi generic sg1 type 0
[   41.794133] sd 2:0:0:0: [sda] 20971520 512-byte logical blocks: (10.7 GB/10.0 GiB)
[   41.941517] sd 2:0:1:0: [sdb] 20480 512-byte logical blocks: (10.5 MB/10.0 MiB)
[   42.002173] sd 2:0:0:0: [sda] Write Protect is off
[   42.172382] sd 2:0:0:0: [sda] Incomplete mode parameter data
[   42.471159] sd 2:0:0:0: [sda] Assuming drive cache: write through
[   42.473994] sd 2:0:1:0: [sdb] Write Protect is off
[   42.474187] sd 2:0:1:0: [sdb] Incomplete mode parameter data
[   42.474188] sd 2:0:1:0: [sdb] Assuming drive cache: write through
[   42.480752] sd 2:0:1:0: [sdb] Attached SCSI disk
[   43.092308]  sda: sda1
[   43.251996] sd 2:0:0:0: [sda] Attached SCSI disk
Begin: Loading e[   44.766107] md: linear personality registered for level -1
ssential drivers ... [   44.933664] md: multipath personality registered for level -4
[   45.054055] md: raid0 personality registered for level 0
[   45.563725] md: raid1 personality registered for level 1
[   45.755484] raid6: sse2x1   gen() 11939 MB/s
[   45.910819] raid6: sse2x1   xor()  9536 MB/s
[   46.010832] raid6: sse2x2   gen() 13671 MB/s
[   46.490812] raid6: sse2x2   xor() 10530 MB/s
[   46.970856] raid6: sse2x4   gen() 16522 MB/s
[   47.123485] raid6: sse2x4   xor()  9449 MB/s
[   47.377348] raid6: avx2x1   gen() 20625 MB/s
[   47.821311] raid6: avx2x2   gen() 22371 MB/s
[   48.060866] raid6: avx2x4   gen() 27236 MB/s
[   48.111842] raid6: using algorithm avx2x4 gen() 27236 MB/s
[   48.113129] raid6: using avx2x2 recovery algorithm
[   48.115669] xor: automatically using best checksumming function:
[   48.309232]    avx       : 39677.000 MB/sec
[   48.424491] async_tx: api initialized (async)
[   48.818438] md: raid6 personality registered for level 6
[   48.843088] md: raid5 personality registered for level 5
[   48.844286] md: raid4 personality registered for level 4
[   48.850395] md: raid10 personality registered for level 10
done.
Begin: Running /scripts/init-premount ... done.
Begin: Mounting root file system ... Begin: Running /scripts/local-top ... done.
Begin: Running /scripts/local-premount ... [   48.994490] Btrfs loaded
Scanning for Btrfs filesystems
[   49.085841] EXT4-fs (sda1): mounted filesystem with ordered data mode. Opts: (null)
done.
Warning: fsck not present, so skipping root file system
done.
Begin: Running /scripts/local-bottom ... done.
Begin: Running /scripts/init-bottom ... done.
[   49.304864] systemd[1]: systemd 229 running in system mode. (+PAM +AUDIT +SELINUX +IMA +APPARMOR +SMACK +SYSVINIT +UTMP +LIBCRYPTSETUP +GCRYPT +GNUTLS +ACL +XZ -LZ4 +SECCOMP +BLKID +ELFUTILS +KMOD -IDN)
[   49.412412] systemd[1]: Detected virtualization oracle.
[   49.761227] systemd[1]: Detected architecture x86-64.

Welcome to [1mUbuntu 16.04.5 LTS[0m!

[   50.138015] systemd[1]: Set hostname to <ubuntu-xenial>.
[   50.632891] random: nonblocking pool is initialized
[   51.018181] systemd[1]: Listening on Device-mapper event daemon FIFOs.
[[0;32m  OK  [0m] Listening on Device-mapper event daemon FIFOs.
[   51.433182] systemd[1]: Listening on Syslog Socket.
[[0;32m  OK  [0m] Listening on Syslog Socket.
[   51.443612] systemd[1]: Reached target Encrypted Volumes.
[[0;32m  OK  [0m] Reached target Encrypted Volumes.
[   51.446565] systemd[1]: Listening on Journal Socket (/dev/log).
[[0;32m  OK  [0m] Listening on Journal Socket (/dev/log).
[   51.449765] systemd[1]: Set up automount Arbitrary Executable File Formats File System Automount Point.
[[0;32m  OK  [0m] Set up automount Arbitrary Executab...ats File System Automount Point.
[   51.481419] systemd[1]: Started Forward Password Requests to Wall Directory Watch.
[[0;32m  OK  [0m] Started Forward Password Requests to Wall Directory Watch.
[   51.609590] systemd[1]: Listening on udev Control Socket.
[[0;32m  OK  [0m] Listening on udev Control Socket.
[   51.757395] systemd[1]: Listening on LVM2 metadata daemon socket.
[[0;32m  OK  [0m] Listening on LVM2 metadata daemon socket.
[   51.763698] systemd[1]: Listening on /dev/initctl Compatibility Named Pipe.
[[0;32m  OK  [0m] Listening on /dev/initctl Compatibility Named Pipe.
[   51.766769] systemd[1]: Listening on Journal Audit Socket.
[[0;32m  OK  [0m] Listening on Journal Audit Socket.
[   51.771880] systemd[1]: Reached target Swap.
[[0;32m  OK  [0m] Reached target Swap.
[   51.773288] systemd[1]: Reached target User and Group Name Lookups.
[[0;32m  OK  [0m] Reached target User and Group Name Lookups.
[   51.776201] systemd[1]: Listening on LVM2 poll daemon socket.
[[0;32m  OK  [0m] Listening on LVM2 poll daemon socket.
[   51.777881] systemd[1]: Listening on udev Kernel Socket.
[[0;32m  OK  [0m] Listening on udev Kernel Socket.
[   51.779424] systemd[1]: Listening on Journal Socket.
[[0;32m  OK  [0m] Listening on Journal Socket.
[   51.781212] systemd[1]: Created slice System Slice.
[[0;32m  OK  [0m] Created slice System Slice.
[   51.797408] systemd[1]: Starting Load Kernel Modules...
[   51.841595] Loading iSCSI transport class v2.0-870.
         Starting Load Kernel Modules...
[   52.068676] systemd[1]: Starting Nameserver information manager...
         Starting Nameserver information manager...
[   52.083501] systemd[1]: Mounting Debug File System...
[   52.266315] iscsi: registered transport (tcp)
         Mounting Debug File System...
[   52.377685] systemd[1]: Starting Remount Root and Kernel File Systems...
         [   53.034848] EXT4-fs (sda1): re-mounted. Opts: (null)
Starting Remount[   53.141875] iscsi: registered transport (iser)
 Root and Kernel File Systems...
[   53.421344] systemd[1 Mntg SIMeagQueue File System...
         Mounting POSIX Message Queue File System...
[   53.909775] systemd[1]: Starting Monitoring of LVM2 mirrors, snapshots etc. using dmeventd or progress polling...
         Starting Monitoring of LVM2 mirrors... dmeventd or progress polling...
[   54.113881] systemd[1]: Starting Uncomplicated firewall...
         Starting Uncomplicated firewall...
[   54.189733] systemd[1]: Starting Set console keymap...
         Starting Set console keymap...
[   54.742085] systemd[1]: Started Trigger resolvconf update for networkd NS
[[0;32m  OK  [0m] Started Trigger resolvconf update for networkd DNS.
[   55.066937] systemd[1]: Created slice User and Session Slice.
[[0;32m  OK  [0m] Created slice User and Session Slice.
[   55.170310] syytemd[1]: Reached target Slices.
[[0;32m  OK  [0m] Reached target Slices.
[   55.385491] systemd[1]: Starting Journal Service...
         Starting Journal Service...
[  54777 ste[1: Reached target System Time Synchronized.
[[0;32m  OK  [0m] Reached target System Time Synchronized.
[   55.957602] systemd[1]: Starting Create list of required static device nodes for the current kernel...
         Starting Create list of required st... nodes for the current kernel...
[   56.089731] systemd[1]: Created slice system-serial\x2dgetty.slice.
[[0;32m  OK  [0m] Created slice system-serial\x2dgetty.slice.
[   56.166335] systemd[1]: Mounting Huge Pages File System...
         Mounting Huge Pages File System...
[   56.270002] systemd[1]: Mounted Huge Pages File System.
[[0;32m  OK  [0m] Mounted Huge Pages File System.
[   56.387047] systemd[1]: Mounted POSIX Message Queue File System.
[[0;32m  OK  [0m] Mounted POSIX Message Queue File System.
[   56.4532]ysmd]:Moted Debug File System.
[[0;32m  OK  [0m] Mounted Debug File System.
[   56.843898] systemd[1]: Started Joual Service.
[[0;32m  OK  [0m] Started Journal Service.
[[0;32m  OK  [0m] Started Load Kernel Modules.
[[0;32m  OK  [0m] Started Remount Root and Kernel File Systems.
[[0;32m  OK  [0m] Started Uncomplicated firewall.
[[0;32m  OK  [0m] Started Set console keymap.
[[0;32m  OK  [0m] Started Create list of required sta...ce nodes for the current kernel.
[[0;32m  OK  [0m] Started Nameserver information manager.
[[0;32m  OK  [0m] Started LVM2 metadata daemon.
         Starting Create Static Device Nodes in /dev...
         Starting Load/Save Random Seed...
         Starting udev Coldplug all Devices...
         Starting Apply Kernel Variables...
         Mounting FUSE Control File System...
         Starting Flush Journal to Persistent Storage...
[[0;32m  OK  [0m] Mounted FUSE Control File System.
[[0;32m  OK  [0m] Started Create Static Device Nodes in /dev.
[[0;32m  OK  [0m] Started Load/Save Random Seed.
[[0;32m  OK  [0m] Started Monitoring of LVM2 mirrors,...ng dmeventd or progress polling.
[[0;32m  OK  [0m] Started Apply Kernel Variables.
[[0;32m  OK  [0m] Started udev Coldplug all Devices.
[[0;32m  OK  [0m] Started Flush Journal to Persistent Storage.
         Starting udev Kernel Device Manager...
[[0;32m  OK  [0m] Started udev Kernel Device Manager.
[[0;32m  OK  [0m] Started Dispatch Password Requests to Console Directory Watch.
[[0;32m  OK  [0m] Reached target Local File Systems (Pre).
[[0;32m  OK  [0m] Reached target Local File Systems.
         Starting Create Volatile Files and Directories...
         Starting Set console font and keymap...
         Starting LSB: AppArmor initialization...
         Starting Initial cloud-init job (pre-networking)...
         Starting Tell Plymouth To Write Out Runtime Data...
[[0;32m  OK  [0m] Started Create Volatile Files and Directories.
[[0;32m  OK  [0m] Started Tell Plymouth To Write Out Runtime Data.
[[0;32m  OK  [0m] Started Set console font and keymap.
[[0;32m  OK  [0m] Found device /dev/ttyS0.
[[0;32m  OK  [0m] Listening on Load/Save RF Kill Switch Status /dev/rfkill Watch.
[[0;32m  OK  [0m] Created slice system-getty.slice.
         Starting Update UTMP about System Boot/Shutdown...
[[0;32m  OK  [0m] Started Update UTMP about System Boot/Shutdown.
[[0;32m  OK  [0m] Started LSB: AppArmor initialization.
[   36.137495] cloud-init[651]: Cloud-init v. 18.3-9-g2e62cb8a-0ubuntu1~16.04.2 running 'init-local' at Wed, 05 Dec 2018 18:10:24 +0000. Up 35.89 seconds.
[[0;32m  OK  [0m] Started Initial cloud-init job (pre-networking).
[[0;32m  OK  [0m] Reached target Network (Pre).
[[0;32m  OK  [0m] Started ifup for enp0s8.
[[0;32m  OK  [0m] Started ifup for enp0s3.
         Starting Raise network interfaces...
[[0;32m  OK  [0m] Started Raise network interfaces.
[[0;32m  OK  [0m] Reached target Network.
         Starting Initial cloud-init job (metadata service crawler)...
[   39.978627] cloud-init[1092]: Cloud-init v. 18.3-9-g2e62cb8a-0ubuntu1~16.04.2 running 'init' at Wed, 05 Dec 2018 18:10:28 +0000. Up 39.61 seconds.
[   40.060548] cloud-init[1092]: ci-info: ++++++++++++++++++++++++++++++++++++++Net device info+++++++++++++++++++++++++++++++++++++++
[   40.060787] cloud-init[1092]: ci-info: +--------+------+-----------------------------+---------------+--------+-------------------+
[[0;32m  OK  [0m] Started Initial cloud-init job (metadata service crawler).
[   40.061033] cloud-init[1092]: ci-info: | Device |  Up  |           Address           |      Mask     | Scope  |     Hw-Address    |
[   40.316789] cloud-init[1092]: ci-info: +--------+------+-----------------------------+---------------+--------+-------------------+
[   40.317028] cloud-init[1092]: ci-info: | enp0s3 | True |          10.0.2.15          | 255.255.255.0 | global | 02:20:67:8c:d5:af |
[[0;32m  OK  [0m] Reached target Cloud-config availability.
[[   40.317129] cloud-init[1092]: ci-info: | enp0s3 | True |  fe80::20:67ff:fe8c:d5af/64 |       .       |  link  | 02:20:67:8c:d5:af |
[   40.566510] cloud-init[1092]: ci-info: | enp0s8 | True |        10.151.252.139       | 255.255.252.0 | global | 08:00:27:d5:f4:8d |
[0;32m  OK  [0m] Reached target Network is Online.
[   40.566704] cloud-init[1092]: ci-info: | enp0s8 | True | fe80::a00:27ff:fed5:f48d/64 |       .       |  link  | 08:00:27:d5:f4:8d |
[   40.737178] cloud-init[1092]: ci-info: |   lo   | True |          127.0.0.1          |   255.0.0.0   |  host  |         .         |
[   40.737528] cloud-init[1092]: ci-info: |   lo   | True |           ::1/128           |       .       |  host  |         .         |
         Starting iSCSI initiator daemon (iscsid)...
[[   40.737650] cloud-init[1092]: ci-info: +--------+------+-----------------------------+---------------+--------+-------------------+
[   40.851579] cloud-init[1092]: ci-info: ++++++++++++++++++++++++++++Route IPv4 info++++++++++++++++++++++++++++
[0;32m  OK  [0m] Reached target System Initialization.
[[   40.851657] cloud-init[0;32m  OK  [0m[1092]: ] ci-info: +-------+--------------+----------+---------------+-----------+-------+Listening on D-Bus System Message Bus Socket.

[[   41.057300] cloud-init[1092]: ci-info: | Route | Destination  | Gateway  |    Genmask    | Interface | Flags |
[   41.123528] cloud-init[1092]: ci-info: +-------+--------------+----------+---------------+-----------+-------+
[0;32m  OK  [0m] Listening on ACPID Listen Socket.
[   41.123616] cloud-init[1092]: ci-info: |   0   |   0.0.0.0    | 10.0.2.2 |    0.0.0.0    |   enp0s3  |   UG  |
[   41.334028] cloud-init[1092]: ci-info: |   1   |   10.0.2.0   | 0.0.0.0  | 255.255.255.0 |   enp0s3  |   U   |
[   41.334309] cloud-init[1092]: ci-info: |   2   | 10.151.252.0 | 0.0.0.0  | 255.255.252.0 |   enp0s8  |   U   |
         Starting Socket activation for snappy daemon.
[[   41.334471] cloud-init[1092]: ci-info: +-------+--------------+----------+---------------+-----------+-------+
[   41.339162] cloud-init[1092]: ci-info: +++++++++++++++++++Route IPv6 info+++++++++++++++++++
[   41.339308] cloud-init[1092]: ci-info: +-------+-------------+---------+-----------+-------+
[   41.339725] cloud-init[1092]: ci-info: | Route | Destination | Gateway | Interface | Flags |
[0;32m  OK  [0m] Started Daily Cleanup of Temporary Directories.
[[   41.339842] cloud-init[1092]: ci-info: +-------+-------------+---------+-----------+-------+
[   41.437915] cloud-init[1092]: ci-info: |   0   |  fe80::/64  |    ::   |   enp0s8  |   U   |
[   41.438029] cloud-init[1092]: ci-info: |   1   |  fe80::/64  |    ::   |   enp0s3  |   U   |
[   41.438191] cloud-init[1092]: ci-info: |   6   |   ff00::/8  |    ::   |   enp0s8  |   U   |
[   41.438384] cloud-init[1092]: ci-info: |   7   |   ff00::/8  |    ::   |   enp0s3  |   U   |
[   41.438548] cloud-init[1092]: ci-info: +-------+-------------+---------+-----------+-------+
[0;32m  OK  [0m] Listening on UUID daemon activation socket.
[[0;32m  OK  [0m] Started Daily apt download activities.
[[0;32m  OK  [0m] Started Daily apt upgrade and clean activities.
[[0;32m  OK  [0m] Reached target Timers.
         Starting LXD - unix socket.
[[0;32m  OK  [0m] Started ACPI Events Check.
[[0;32m  OK  [0m] Reached target Paths.
[[0;32m  OK  [0m] Listening on Socket activation for snappy daemon.
[[0;32m  OK  [0m] Listening on LXD - unix socket.
[[0;32m  OK  [0m] Started iSCSI initiator daemon (iscsid).
         Starting Login to default iSCSI targets...
[[0;32m  OK  [0m] Reached target Sockets.
[[0;32m  OK  [0m] Reached target Basic System.
         Starting LSB: Record successful boot for GRUB...
[[0;32m  OK  [0m] Started ACPI event daemon.
         Starting LXD - container startup/shutdown...
         Starting Accounts Service...
[[0;32m  OK  [0m] Started D-Bus System Message Bus.
[[0;32m  OK  [0m] Started Deferred execution scheduler.
[[0;32m  OK  [0m] Started Regular background program processing daemon.
         Starting OpenBSD Secure Shell server...
         Starting LSB: MD monitoring daemon...
[[0;32m  OK  [0m] Started FUSE filesystem for LXC.
         Starting Login Service...
[[0;32m  OK  [0m] Started Unattended Upgrades Shutdown.
         Starting System Logging Service...
         Starting /etc/rc.local Compatibility...
         Starting Virtualbox guest utils...
         Starting Snappy daemon...
[[0;32m  OK  [0m] Started System Logging Service.
[[0;32m  OK  [0m] Started LXD - container startup/shutdown.
[[0;32m  OK  [0m] Started /etc/rc.local Compatibility.
[[0;32m  OK  [0m] Started OpenBSD Secure Shell server.
[[0;32m  OK  [0m] Started LSB: Record successful boot for GRUB.
[[0;32m  OK  [0m] Started Login to default iSCSI targets.
[[0;32m  OK  [0m] Started Snappy daemon.
[[0;32m  OK  [0m] Started LSB: MD monitoring daemon.
         Starting Authenticate and Authorize Users to Run Privileged Tasks...
         Starting Wait until snapd is fully seeded...
[[0;32m  OK  [0m] Reached target Remote File Systems (Pre).
[[0;32m  OK  [0m] Reached target Remote File Systems.
         Starting LSB: Set the CPU Frequency Scaling governor to "ondemand"...
         Starting LSB: daemon to balance interrupts for SMP systems...
         Starting Permit User Sessions...
         Starting LSB: automatic crash report generation...
[[0;32m  OK  [0m] Started Virtualbox guest utils.
[[0;32m  OK  [0m] Started Wait until snapd is fully seeded.
[[0;32m  OK  [0m] Started Permit User Sessions.
[[0;32m  OK  [0m] Started Login Service.
[[0;32m  OK  [0m] Started Authenticate and Authorize Users to Run Privileged Tasks.
[[0;32m  OK  [0m] Started Accounts Service.
[[0;32m  OK  [0m] Started LSB: Set the CPU Frequency Scaling governor to "ondemand".
[[0;32m  OK  [0m] Started LSB: daemon to balance interrupts for SMP systems.
[[0;32m  OK  [0m] Created slice User Slice of vagrant.
[[0;32m  OK  [0m] Started Session 1 of user vagrant.
         Starting User Manager for UID 1000...
         Starting Terminate Plymouth Boot Screen...
         Starting Hold until boot process finishes up...
         Starting Apply the settings specified in cloud-config...
[[0;32m  OK  [0m] Started User Manager for UID 1000.
[[0;32m  OK  [0m] Started LSB: automatic crash report generation.
[[0;32m  OK  [0m] Started Terminate Plymouth Boot Screen.
[[0;32m  OK  [0m] Started Hold until boot process finishes up.
[[0;32m  OK  [0m] Started Serial Getty on ttyS0.
[[0;32m  OK  [0m] Started Getty on tty1.
[[0;32m  OK  [0m] Reached target Login Prompts.
         Starting Set console scheme...
[[0;32m  OK  [0m] Reached target Multi-User System.
[[0;32m  OK  [0m] Reached target Graphical Interface.
         Starting Update UTMP about System Runlevel Changes...
[[0;32m  OK  [0m] Started Set console scheme.
[   43.772196] cloud-init[1335]: Cloud-init v. 18.3-9-g2e62cb8a-0ubuntu1~16.04.2 running 'modules:config' at Wed, 05 Dec 2018 18:10:32 +0000. Up 43.64 seconds.
[[0;32m  OK  [0m] Started Update UTMP about System Runlevel Changes.
[[0;32m  OK  [0m] Started Apply the settings specified in cloud-config.
         Starting Execute cloud user/final scripts...
[   44.241154] cloud-init[1370]: Cloud-init v. 18.3-9-g2e62cb8a-0ubuntu1~16.04.2 running 'modules:final' at Wed, 05 Dec 2018 18:10:32 +0000. Up 44.12 seconds.
[   44.270360] cloud-init[1370]: Cloud-init v. 18.3-9-g2e62cb8a-0ubuntu1~16.04.2 finished at Wed, 05 Dec 2018 18:10:32 +0000. Datasource DataSourceNoCloud [seed=/dev/sdb][dsmode=net].  Up 44.23 seconds
[[0;32m  OK  [0m] Started Execute cloud user/final scripts.
[[0;32m  OK  [0m] Reached target Cloud-init target.

Ubuntu 16.04.5 LTS ubuntu-xenial ttyS0

ubuntu-xenial login: [[0;32m  OK  [0m] Closed Load/Save RF Kili         Stopping Unattended Upgrades Shutdown...
         Stopping LSB: MD monitoring daemon...
         Stopping LXD - container startup/shutdown...
         Stopping Regular background program processing daemon...
[[0;32m  OK  [0m] Unmounted /var/lib/lxcfs.
[[0;32m  OK  [0m] Stopped ACPI event daemon.
[[0;32m  OK  [0m] Stopped Accounts Service.
[[0;32m  OK  [0m] Stopped Deferred execution scheduler.
[[0;32m  OK  [0m] Stopped Regular background program processing daemon.
[[0;32m  OK  [0m] Stopped System Logging Service.
[[0;32m  OK  [0m] Stopped Snappy daemon.
[[0;32m  OK  [0m] Stopped OpenBSD Secure Shell server.
[[0;32m  OK  [0m] Stopped Authenticate and Authorize Users to Run Privileged Tasks.
[[0;32m  OK  [0m] Stopped User Manager for UID 1000.
[[0;32m  OK  [0m] Stopped Serial Getty on ttyS0.
[[0;32m  OK  [0m] Stopped Getty on tty1.
[[0;32m  OK  [0m] Stopped Session 1 of user vagrant.
[[0;32m  OK  [0m] Stopped Session 4 of user vagrant.
[[0;32m  OK  [0m] Stopped Session 2 of user vagrant.
[[0;32m  OK  [0m] Stopped D-Bus System Message Bus.
[[0;32m  OK  [0m] Stopped Unattended Upgrades Shutdown.
[[0;32m  OK  [0m] Stopped FUSE filesystem for LXC.
[[0;32m  OK  [0m] Stopped LSB: daemon to balance interrupts for SMP systems.
[[0;32m  OK  [0m] Stopped Virtualbox guest utils.
[[0;32m  OK  [0m] Stopped LSB: Record successful boot for GRUB.
[[0;32m  OK  [0m] Stopped LSB: automatic crash report generation.
[[0;32m  OK  [0m] Stopped LSB: Set the CPU Frequency Scaling governor to "ondemand".
[[0;32m  OK  [0m] Stopped LSB: MD monitoring daemon.
[[0;32m  OK  [0m] Stopped LXD - container startup/shutdown.
[[0;32m  OK  [0m] Removed slice system-getty.slice.
[[0;32m  OK  [0m] Removed slice system-serial\x2dgetty.slice.
[[0;32m  OK  [0m] Stopped /etc/rc.local Compatibility.
[[0;32m  OK  [0m] Removed slice User Slice of vagrant.
         Stopping Permit User Sessions...
         Stopping Login Service...
[[0;32m  OK  [0m] Stopped Permit User Sessions.
[[0;32m  OK  [0m] Stopped target Remote File Systems.
[[0;32m  OK  [0m] Stopped target Remote File Systems (Pre).
         Stopping Login to default iSCSI targets...
[[0;32m  OK  [0m] Stopped Login Service.
[[0;32m  OK  [0m] Stopped Login to default iSCSI targets.
         Stopping iSCSI initiator daemon (iscsid)...
[[0;32m  OK  [0m] Stopped target User and Group Name Lookups.
[[0;32m  OK  [0m] Stopped target Basic System.
[[0;32m  OK  [0m] Stopped target Sockets.
[[0;32m  OK  [0m] Closed D-Bus System Message Bus Socket.
[[0;32m  OK  [0m] Closed ACPID Listen Socket.
[[0;32m  OK  [0m] Closed UUID daemon activation socket.
[[0;32m  OK  [0m] Closed Syslog Socket.
[[0;32m  OK  [0m] Closed LXD - unix socket.
[[0;32m  OK  [0m] Closed Socket activation for snappy daemon.
[[0;32m  OK  [0m] Stopped target Paths.
[[0;32m  OK  [0m] Stopped ACPI Events Check.
[[0;32m  OK  [0m] Stopped Forward Password Requests to Wall Directory Watch.
[[0;32m  OK  [0m] Stopped Dispatch Password Requests to Console Directory Watch.
[[0;32m  OK  [0m] Stopped target Slices.
[[0;32m  OK  [0m] Removed slice User and Session Slice.
[[0;32m  OK  [0m] Stopped target System Initialization.
[[0;32m  OK  [0m] Stopped target Swap.
         Stopping Load/Save Random Seed...
[[0;32m  OK  [0m] Stopped target Encrypted Volumes.
         Stopping Update UTMP about System Boot/Shutdown...
[[0;32m  OK  [0m] Stopped iSCSI initiator daemon (iscsid).
[[0;32m  OK  [0m] Stopped Load/Save Random Seed.
[[0;32m  OK  [0m] Stopped Update UTMP about System Boot/Shutdown.
[[0;32m  OK  [0m] Stopped Create Volatile Files and Directories.
[[0;32m  OK  [0m] Stopped target Network is Online.
[[0;32m  OK  [0m] Stopped Initial cloud-init job (metadata service crawler).
[[0;32m  OK  [0m] Stopped target Network.
         Stopping Raise network interfaces...
[[0;32m  OK  [0m] Stopped Raise network interfaces.
[[0;32m  OK  [0m] Stopped Apply Kernel Variables.
[[0;32m  OK  [0m] Stopped Load Kernel Modules.
[[0;32m  OK  [0m] Stopped target Network (Pre).
[[0;32m  OK  [0m] Stopped Initial cloud-init job (pre-networking).
[[0;32m  OK  [0m] Stopped target Local File Systems.
         Unmounting /vagrant...
         Unmounting /run/user/1000...
         Unmounting /usr/local/nginx/html...
[[0;32m  OK  [0m] Unmounted /vagrant.
[[0;32m  OK  [0m] Unmounted /run/user/1000.
[[0;32m  OK  [0m] Unmounted /usr/local/nginx/html.
[[0;32m  OK  [0m] Reached target Unmount All Filesystems.
[[0;32m  OK  [0m] Stopped target Local File Systems (Pre).
         Stopping Monitoring of LVM2 mirrors... dmeventd or progress polling...
[[0;32m  OK  [0m] Stopped Remount Root and Kernel File Systems.
[[0;32m  OK  [0m] Stopped Create Static Device Nodes in /dev.
[[0;32m  OK  [0m] Reached target Shutdown.
[ 35134]reboot: Power down